events                      50673
patterns reference          120427
patterns compared           125308
paired                      120234  (0.9984)
paired identical            115119
unpaired reference          193
unpaired compared           5074
jaccard mean                0.980041
jaccard min                 0.021739
hits only reference         38630
hits only compared          41906
max |dTheta|                7.621e-02
max |dPhi|                  5.235e-01
differing sector            322
differing precision layers  2228
differing trigger layers    2612
differing phi layers        1308

least similar pairs (10):
  event 30456: reference 71 vs compared 83, 1 shared, 28 lost, 17 gained, jaccard 0.0217, dTheta +7.715e-03
  event 20615: reference 11 vs compared 43, 1 shared, 14 lost, 30 gained, jaccard 0.0222, dTheta +7.312e-03
  event 20687: reference 6 vs compared 6, 1 shared, 22 lost, 22 gained, jaccard 0.0222, dTheta -1.571e-02
  event 25074: reference 42 vs compared 50, 1 shared, 17 lost, 24 gained, jaccard 0.0238, dTheta -1.377e-02
  event 13549: reference 10 vs compared 111, 1 shared, 19 lost, 20 gained, jaccard 0.0250, dTheta +3.118e-03
  event 35752: reference 15 vs compared 17, 1 shared, 19 lost, 19 gained, jaccard 0.0256, dTheta +1.008e-02
  event 20147: reference 9 vs compared 17, 1 shared, 19 lost, 18 gained, jaccard 0.0263, dTheta -1.497e-02
  event 12160: reference 20 vs compared 21, 1 shared, 16 lost, 20 gained, jaccard 0.0270, dTheta +9.617e-03
  event 25074: reference 33 vs compared 48, 1 shared, 19 lost, 17 gained, jaccard 0.0270, dTheta -3.045e-02
  event 5585: reference 0 vs compared 9, 1 shared, 12 lost, 23 gained, jaccard 0.0278, dTheta -6.628e-03
